$ playwright test

Running 22 tests using 1 worker

(node:42694) Warning: The 'NO_COLOR' env is ignored due to the 'FORCE_COLOR' env being set.
(Use `node --trace-warnings ...` to show where the warning was created)
  ✘   1 tests/browser/chests.spec.ts:13:2 › glasshouse chest opens once, unlocks sand, equips and persists (30.1s)
(node:42728) Warning: The 'NO_COLOR' env is ignored due to the 'FORCE_COLOR' env being set.
(Use `node --trace-warnings ...` to show where the warning was created)
  ✘   2 tests/browser/chests.spec.ts:13:2 › lighthouse chest opens once, unlocks ocean, equips and persists (30.1s)
(node:42771) Warning: The 'NO_COLOR' env is ignored due to the 'FORCE_COLOR' env being set.
(Use `node --trace-warnings ...` to show where the warning was created)
  ✘   3 tests/browser/chests.spec.ts:13:2 › townhouse chest opens once, unlocks aurora, equips and persists (30.1s)
(node:42834) Warning: The 'NO_COLOR' env is ignored due to the 'FORCE_COLOR' env being set.
(Use `node --trace-warnings ...` to show where the warning was created)
  ✓   4 tests/browser/chests.spec.ts:21:1 › duplicate grants 25 parts only to opened collection and does not create another unlock (1.7s)
  ✓   5 tests/browser/chests.spec.ts:24:1 › reloading during opening keeps transaction, legacy migration locks demo themes (699ms)
  ✓   6 tests/browser/chests.spec.ts:27:1 › mobile six-skin grid and chest reveal fit narrow screen with reduced motion (1.2s)
  ✓   7 tests/browser/economy.spec.ts:20:1 › fresh collection has three closed pictures, zero balances, distinct chests and 50/40/10 labels (727ms)
  ✓   8 tests/browser/economy.spec.ts:28:2 › one line awards only glasshouse and flies into its destination (1.7s)
  ✓   9 tests/browser/economy.spec.ts:28:2 › one line awards only lighthouse and flies into its destination (1.7s)
  ✓  10 tests/browser/economy.spec.ts:28:2 › one line awards only townhouse and flies into its destination (1.7s)
  ✓  11 tests/browser/economy.spec.ts:36:1 › combo rewards remain correct when reward flights overlap and persist after reload (2.9s)
  ✓  12 tests/browser/economy.spec.ts:41:1 › 100 reveals the picture, pays for a chest and keeps assembled art visible afterwards (3.3s)
  ✓  13 tests/browser/economy.spec.ts:47:1 › partial masks show progress, legendary chest becomes ready, and excess stays in reserve (1.9s)
  ✓  14 tests/browser/economy.spec.ts:54:1 › mobile offscreen destination receives a visible thumbnail without scrolling the board (2.1s)
  ✓  15 tests/browser/economy.spec.ts:59:1 › reduced motion credits immediately without flying tokens; malformed save remains playable (622ms)
  ✓  16 tests/browser/game.spec.ts:4:1 › desktop: select, preview, clear, invalid placement, drag, themes and rules (3.0s)
  ✓  17 tests/browser/game.spec.ts:12:1 › mobile touch: tap placement and drag, no overflow, three collection cards (2.4s)
  ✓  18 tests/browser/game.spec.ts:17:1 › 320px and reduced motion (506ms)
  ✘  19 tests/browser/game.spec.ts:18:1 › continues past 18 placements without a result dialog or field title (9.4s)
(node:42953) Warning: The 'NO_COLOR' env is ignored due to the 'FORCE_COLOR' env being set.
(Use `node --trace-warnings ...` to show where the warning was created)
  ✘  20 tests/browser/game.spec.ts:24:1 › no legal remaining pieces opens the blocked result (30.1s)
(node:43008) Warning: The 'NO_COLOR' env is ignored due to the 'FORCE_COLOR' env being set.
(Use `node --trace-warnings ...` to show where the warning was created)
  ✓  21 tests/browser/game.spec.ts:42:1 › invalid hover draws nothing; valid hover remains visible (1.2s)
  ✓  22 tests/browser/game.spec.ts:48:1 › clear wave visibly starts at last placement and reaches the far edge later (788ms)


  1) tests/browser/chests.spec.ts:13:2 › glasshouse chest opens once, unlocks sand, equips and persists 

    Test timeout of 30000ms exceeded.

    Error: locator.dispatchEvent: Test timeout of 30000ms exceeded.
    Call log:
      - waiting for locator('.collection-card[data-collection="glasshouse"]').getByRole('button', { name: 'Забрать' })


      13 |  test(`${id} chest opens once, unlocks ${skin}, equips and persists`,async({page})=>{
      14 |   await setup(page,id,100,roll);await expect(page.locator('.theme-button:disabled')).toHaveCount(5);
    > 15 |   const claim=card(page,id).getByRole('button',{name:'Забрать'});await claim.click();await claim.dispatchEvent('click');
         |                                                                                                  ^
      16 |   await expect(page.locator('.reward-name')).toHaveText(name);await expect(page.locator('#chest-preview')).toHaveAttribute('data-duplicate','false');expect((await saved(page)).collectionBalances[id]).toBe(0);await expect(page.locator(`[data-theme="${skin}"]`)).toBeEnabled();
      17 |   await page.screenshot({path:`${prefix}-${skin}-reward.png`});await page.getByRole('button',{name:'Применить',exact:true}).click();await expect(page.locator(`[data-theme="${skin}"]`)).toHaveAttribute('aria-pressed','true');await expect(card(page,id)).toHaveClass(/is-complete/);await expect(card(page,id).locator('.parts b')).toHaveText('0');
      18 |   await page.reload();await expect(page.locator(`[data-theme="${skin}"]`)).toHaveAttribute('aria-pressed','true');await expect(card(page,id)).toHaveClass(/is-complete/);
        at /Users/b.konnov/Documents/GIT/HVTestTask/tests/browser/chests.spec.ts:15:98

    attachment #1: screenshot (image/png) ──────────────────────────────────────────────────────────
    test-results/chests-glasshouse-chest-op-99dd2-ks-sand-equips-and-persists/test-failed-1.png
    ────────────────────────────────────────────────────────────────────────────────────────────────

    Error Context: test-results/chests-glasshouse-chest-op-99dd2-ks-sand-equips-and-persists/error-context.md

  2) tests/browser/chests.spec.ts:13:2 › lighthouse chest opens once, unlocks ocean, equips and persists 

    Test timeout of 30000ms exceeded.

    Error: locator.dispatchEvent: Test timeout of 30000ms exceeded.
    Call log:
      - waiting for locator('.collection-card[data-collection="lighthouse"]').getByRole('button', { name: 'Забрать' })


      13 |  test(`${id} chest opens once, unlocks ${skin}, equips and persists`,async({page})=>{
      14 |   await setup(page,id,100,roll);await expect(page.locator('.theme-button:disabled')).toHaveCount(5);
    > 15 |   const claim=card(page,id).getByRole('button',{name:'Забрать'});await claim.click();await claim.dispatchEvent('click');
         |                                                                                                  ^
      16 |   await expect(page.locator('.reward-name')).toHaveText(name);await expect(page.locator('#chest-preview')).toHaveAttribute('data-duplicate','false');expect((await saved(page)).collectionBalances[id]).toBe(0);await expect(page.locator(`[data-theme="${skin}"]`)).toBeEnabled();
      17 |   await page.screenshot({path:`${prefix}-${skin}-reward.png`});await page.getByRole('button',{name:'Применить',exact:true}).click();await expect(page.locator(`[data-theme="${skin}"]`)).toHaveAttribute('aria-pressed','true');await expect(card(page,id)).toHaveClass(/is-complete/);await expect(card(page,id).locator('.parts b')).toHaveText('0');
      18 |   await page.reload();await expect(page.locator(`[data-theme="${skin}"]`)).toHaveAttribute('aria-pressed','true');await expect(card(page,id)).toHaveClass(/is-complete/);
        at /Users/b.konnov/Documents/GIT/HVTestTask/tests/browser/chests.spec.ts:15:98

    attachment #1: screenshot (image/png) ──────────────────────────────────────────────────────────
    test-results/chests-lighthouse-chest-op-2151f-s-ocean-equips-and-persists/test-failed-1.png
    ────────────────────────────────────────────────────────────────────────────────────────────────

    Error Context: test-results/chests-lighthouse-chest-op-2151f-s-ocean-equips-and-persists/error-context.md

  3) tests/browser/chests.spec.ts:13:2 › townhouse chest opens once, unlocks aurora, equips and persists 

    Test timeout of 30000ms exceeded.

    Error: locator.dispatchEvent: Test timeout of 30000ms exceeded.
    Call log:
      - waiting for locator('.collection-card[data-collection="townhouse"]').getByRole('button', { name: 'Забрать' })


      13 |  test(`${id} chest opens once, unlocks ${skin}, equips and persists`,async({page})=>{
      14 |   await setup(page,id,100,roll);await expect(page.locator('.theme-button:disabled')).toHaveCount(5);
    > 15 |   const claim=card(page,id).getByRole('button',{name:'Забрать'});await claim.click();await card(page,id).locator('.claim-button').dispatchEvent('click');
         |                                                                                                  ^
      16 |   await expect(page.locator('.reward-name')).toHaveText(name);await expect(page.locator('#chest-preview')).toHaveAttribute('data-duplicate','false');expect((await saved(page)).collectionBalances[id]).toBe(0);await expect(page.locator(`[data-theme="${skin}"]`)).toBeEnabled();
      17 |   await page.screenshot({path:`${prefix}-${skin}-reward.png`});await page.getByRole('button',{name:'Применить',exact:true}).click();await expect(page.locator(`[data-theme="${skin}"]`)).toHaveAttribute('aria-pressed','true');await expect(card(page,id)).toHaveClass(/is-complete/);await expect(card(page,id).locator('.parts b')).toHaveText('0');
      18 |   await page.reload();await expect(page.locator(`[data-theme="${skin}"]`)).toHaveAttribute('aria-pressed','true');await expect(card(page,id)).toHaveClass(/is-complete/);
        at /Users/b.konnov/Documents/GIT/HVTestTask/tests/browser/chests.spec.ts:15:98

    attachment #1: screenshot (image/png) ──────────────────────────────────────────────────────────
    test-results/chests-townhouse-chest-ope-e2da5--aurora-equips-and-persists/test-failed-1.png
    ────────────────────────────────────────────────────────────────────────────────────────────────

    Error Context: test-results/chests-townhouse-chest-ope-e2da5--aurora-equips-and-persists/error-context.md

  4) tests/browser/game.spec.ts:18:1 › continues past 18 placements without a result dialog or field title 

    Error: expect(locator).toHaveText(expected) failed

    Locator:  locator('#moves')
    Expected: "21"
    Received: "5"
    Timeout:  5000ms

    Call log:
      - Expect "toHaveText" locator('#moves') with timeout 5000ms
      - waiting for locator('#moves')
        14 × locator resolved to <b id="moves">5</b>
           - unexpected value "5"


      20 |  const moves:[number,number,number][]=[[0,6,2],[1,6,4],[2,7,5],...Array.from({length:18},(_,i)=>[i%3,i%8,Math.floor(i/8)] as [number,number,number])];
      21 |  for(const[slot,x,y]of moves){await page.locator(`[data-slot="${slot}"]`).click();const p=await cell(page,x,y);await page.mouse.click(p.x,p.y);await page.waitForTimeout(140);}
    > 22 |  await expect(page.locator('#moves')).toHaveText('21');await expect(page.locator('#result')).not.toBeVisible();await expect(page.locator('#board')).toHaveAttribute('data-status','playing');await expect(page.locator('#theme-title')).toHaveCount(0);await expect(page.locator('.piece-slot:disabled')).toHaveCount(0);
         |                                       ^
      23 | });
      24 | test('no legal remaining pieces opens the blocked result',async({page})=>{
      25 |  const {newGame,place,canPlace}=await import('../../src/core/game');
        at /Users/b.konnov/Documents/GIT/HVTestTask/tests/browser/game.spec.ts:22:39

    attachment #1: screenshot (image/png) ──────────────────────────────────────────────────────────
    test-results/game-continues-past-18-pla-a5704-esult-dialog-or-field-title/test-failed-1.png
    ────────────────────────────────────────────────────────────────────────────────────────────────

    Error Context: test-results/game-continues-past-18-pla-a5704-esult-dialog-or-field-title/error-context.md

  5) tests/browser/game.spec.ts:24:1 › no legal remaining pieces opens the blocked result ──────────

    Test timeout of 30000ms exceeded.

    Error: locator.click: Test timeout of 30000ms exceeded.
    Call log:
      - waiting for locator('[data-slot="2"]')
        - locator resolved to <button disabled data-slot="2" class="piece-slot" aria-pressed="false" aria-label="Фигура использована">…</button>
      - attempting click action
        2 × waiting for element to be visible, enabled and stable
          - element is not enabled
        - retrying click action
        - waiting 20ms
        2 × waiting for element to be visible, enabled and stable
          - element is not enabled
        - retrying click action
          - waiting 100ms
        55 × waiting for element to be visible, enabled and stable
           - element is not enabled
         - retrying click action
           - waiting 500ms


      37 |  expect(route.length).toBeGreaterThan(0);
      38 |  await page.emulateMedia({reducedMotion:'reduce'});await page.addInitScript(()=>{Math.random=()=>.999;});await page.goto('/');
    > 39 |  for(const{slot,x,y}of route){await page.locator(`[data-slot="${slot}"]`).click();const p=await cell(page,x,y);await page.mouse.click(p.x,p.y);await page.waitForTimeout(140);}
         |                                                                           ^
      40 |  await expect(page.locator('#board')).toHaveAttribute('data-status','blocked');await expect(page.locator('#result')).toBeVisible();await expect(page.locator('#result-copy')).toContainText('нет места');await page.getByRole('button',{name:'Сыграть ещё'}).click();await expect(page.locator('#moves')).toHaveText('0');await expect(page.locator('#score')).toHaveText('0');
      41 | });
      42 | test('invalid hover draws nothing; valid hover remains visible',async({page})=>{
        at /Users/b.konnov/Documents/GIT/HVTestTask/tests/browser/game.spec.ts:39:75

    attachment #1: screenshot (image/png) ──────────────────────────────────────────────────────────
    test-results/game-no-legal-remaining-pieces-opens-the-blocked-result/test-failed-1.png
    ────────────────────────────────────────────────────────────────────────────────────────────────

    Error Context: test-results/game-no-legal-remaining-pieces-opens-the-blocked-result/error-context.md

  5 failed
    tests/browser/chests.spec.ts:13:2 › glasshouse chest opens once, unlocks sand, equips and persists 
    tests/browser/chests.spec.ts:13:2 › lighthouse chest opens once, unlocks ocean, equips and persists 
    tests/browser/chests.spec.ts:13:2 › townhouse chest opens once, unlocks aurora, equips and persists 
    tests/browser/game.spec.ts:18:1 › continues past 18 placements without a result dialog or field title 
    tests/browser/game.spec.ts:24:1 › no legal remaining pieces opens the blocked result ───────────
  17 passed (2.7m)
[ELIFECYCLE] Command failed with exit code 1.
